((:IN--REPLY--TO--STATUS--ID--STR) (:COORDINATES) (:PLACE) (:RETWEETED)
 (:IN--REPLY--TO--USER--ID--STR) (:ID--STR . "153277473897984000")
 (:IN--REPLY--TO--STATUS--ID) (:CONTRIBUTORS)
 (:USER (:LANG . "en") (:NOTIFICATIONS) (:PROFILE--BACKGROUND--TILE . T)
  (:FOLLOWERS--COUNT . 130) (:PROTECTED)
  (:PROFILE--IMAGE--URL
   . "http://a1.twimg.com/profile_images/1716999426/DSC_0481as_normal.jpg")
  (:LOCATION . "Indonesia, Liverpool") (:SHOW--ALL--INLINE--MEDIA)
  (:PROFILE--SIDEBAR--FILL--COLOR . "efefef")
  (:PROFILE--IMAGE--URL--HTTPS
   . "https://si0.twimg.com/profile_images/1716999426/DSC_0481as_normal.jpg")
  (:NAME . "Dwiky Sauma Nugraha") (:LISTED--COUNT . 0)
  (:URL . "http://dwiky-books.blogspot.com") (:DEFAULT--PROFILE) (:VERIFIED)
  (:TIME--ZONE . "Jakarta") (:UTC--OFFSET . 25200)
  (:PROFILE--SIDEBAR--BORDER--COLOR . "eeeeee")
  (:DESCRIPTION
   . "Liverpool fans #YNWA | a moslem | part of 2sindang JHS 9b | My lifes, my rules.!! Everything's that I do, I just wanna be happy | follow back? Just Mention me! ")
  (:ID--STR . "200423218") (:CONTRIBUTORS--ENABLED) (:FOLLOWING)
  (:PROFILE--USE--BACKGROUND--IMAGE . T) (:DEFAULT--PROFILE--IMAGE)
  (:CREATED--AT . "Sat Oct 09 07:43:17 +0000 2010") (:FRIENDS--COUNT . 158)
  (:PROFILE--TEXT--COLOR . "333333") (:STATUSES--COUNT . 4034)
  (:PROFILE--BACKGROUND--IMAGE--URL
   . "http://a3.twimg.com/profile_background_images/222380037/32483_-_boat_chibi_crossover_jack_sparrow_monkey_d_luffy_one_piece_pirates_of_the_caribbean_roronoa_zoro_sanji_usopp.jpg")
  (:IS--TRANSLATOR) (:PROFILE--LINK--COLOR . "009999")
  (:PROFILE--BACKGROUND--IMAGE--URL--HTTPS
   . "https://si0.twimg.com/profile_background_images/222380037/32483_-_boat_chibi_crossover_jack_sparrow_monkey_d_luffy_one_piece_pirates_of_the_caribbean_roronoa_zoro_sanji_usopp.jpg")
  (:FAVOURITES--COUNT . 14) (:SCREEN--NAME . "Dwiky_Nds") (:ID . 200423218)
  (:FOLLOW--REQUEST--SENT) (:GEO--ENABLED)
  (:PROFILE--BACKGROUND--COLOR . "131516"))
 (:GEO) (:TRUNCATED) (:CREATED--AT . "Sun Jan 01 00:52:52 +0000 2012")
 (:FAVORITED)
 (:SOURCE
  . "<a href=\"http://blackberry.com/twitter\" rel=\"nofollow\">Twitter for BlackBerry?</a>")
 (:IN--REPLY--TO--USER--ID) (:ID . 153277473897984000) (:RETWEET--COUNT . 0)
 (:IN--REPLY--TO--SCREEN--NAME)
 (:TEXT
  . "Pantes aja, tdi mlm saya nyari malah ga ketemu -_-RT @Dean_MDAW: maksudnya sebelah kiri jalan ._. @Dwiky_Nds abu-abu salah kiri jalan ._."))